nohup: ignoring input
[2025-01-21 18:25:44,641] [INFO] [real_accelerator.py:191:get_accelerator] Setting ds_accelerator to cuda (auto detect)
W0121 18:25:46.165982 140666056238912 torch/distributed/run.py:757] 
W0121 18:25:46.165982 140666056238912 torch/distributed/run.py:757] *****************************************
W0121 18:25:46.165982 140666056238912 torch/distributed/run.py:757] Setting OMP_NUM_THREADS environment variable for each process to be 1 in default, to avoid your system being overloaded, please further tune the variable for optimal performance in your application as needed. 
W0121 18:25:46.165982 140666056238912 torch/distributed/run.py:757] *****************************************
huggingface/tokenizers: The current process just got forked, after parallelism has already been used. Disabling parallelism to avoid deadlocks...
To disable this warning, you can either:
	- Avoid using `tokenizers` before the fork if possible
	- Explicitly set the environment variable TOKENIZERS_PARALLELISM=(true | false)
huggingface/tokenizers: The current process just got forked, after parallelism has already been used. Disabling parallelism to avoid deadlocks...
To disable this warning, you can either:
	- Avoid using `tokenizers` before the fork if possible
	- Explicitly set the environment variable TOKENIZERS_PARALLELISM=(true | false)
huggingface/tokenizers: The current process just got forked, after parallelism has already been used. Disabling parallelism to avoid deadlocks...
To disable this warning, you can either:
	- Avoid using `tokenizers` before the fork if possible
	- Explicitly set the environment variable TOKENIZERS_PARALLELISM=(true | false)
[2025-01-21 18:26:38,232] [INFO] [real_accelerator.py:191:get_accelerator] Setting ds_accelerator to cuda (auto detect)
[2025-01-21 18:26:38,266] [INFO] [real_accelerator.py:191:get_accelerator] Setting ds_accelerator to cuda (auto detect)
[2025-01-21 18:26:38,372] [INFO] [real_accelerator.py:191:get_accelerator] Setting ds_accelerator to cuda (auto detect)
[2025-01-21 18:26:38,412] [INFO] [comm.py:637:init_distributed] cdb=None
huggingface/tokenizers: The current process just got forked, after parallelism has already been used. Disabling parallelism to avoid deadlocks...
To disable this warning, you can either:
	- Avoid using `tokenizers` before the fork if possible
	- Explicitly set the environment variable TOKENIZERS_PARALLELISM=(true | false)
[2025-01-21 18:26:38,446] [INFO] [comm.py:637:init_distributed] cdb=None
huggingface/tokenizers: The current process just got forked, after parallelism has already been used. Disabling parallelism to avoid deadlocks...
To disable this warning, you can either:
	- Avoid using `tokenizers` before the fork if possible
	- Explicitly set the environment variable TOKENIZERS_PARALLELISM=(true | false)
[2025-01-21 18:26:38,556] [INFO] [comm.py:637:init_distributed] cdb=None
huggingface/tokenizers: The current process just got forked, after parallelism has already been used. Disabling parallelism to avoid deadlocks...
To disable this warning, you can either:
	- Avoid using `tokenizers` before the fork if possible
	- Explicitly set the environment variable TOKENIZERS_PARALLELISM=(true | false)
/usr/local/python/lib/python3.8/site-packages/huggingface_hub/utils/_deprecation.py:100: FutureWarning: Deprecated argument(s) used in '__init__': max_seq_length, dataset_num_proc, dataset_batch_size. Will not be supported from version '1.0.0'.

Deprecated positional argument(s) used in SFTTrainer, please use the SFTConfig to set these arguments instead.
  warnings.warn(message, FutureWarning)
/usr/local/python/lib/python3.8/site-packages/huggingface_hub/utils/_deprecation.py:100: FutureWarning: Deprecated argument(s) used in '__init__': max_seq_length, dataset_num_proc, dataset_batch_size. Will not be supported from version '1.0.0'.

Deprecated positional argument(s) used in SFTTrainer, please use the SFTConfig to set these arguments instead.
  warnings.warn(message, FutureWarning)
/usr/local/python/lib/python3.8/site-packages/huggingface_hub/utils/_deprecation.py:100: FutureWarning: Deprecated argument(s) used in '__init__': max_seq_length, dataset_num_proc, dataset_batch_size. Will not be supported from version '1.0.0'.

Deprecated positional argument(s) used in SFTTrainer, please use the SFTConfig to set these arguments instead.
  warnings.warn(message, FutureWarning)
/usr/local/python/lib/python3.8/site-packages/trl/trainer/sft_trainer.py:283: UserWarning: You passed a `max_seq_length` argument to the SFTTrainer, the value you passed will override the one in the `SFTConfig`.
  warnings.warn(
/usr/local/python/lib/python3.8/site-packages/trl/trainer/sft_trainer.py:297: UserWarning: You passed a `dataset_num_proc` argument to the SFTTrainer, the value you passed will override the one in the `SFTConfig`.
  warnings.warn(
/usr/local/python/lib/python3.8/site-packages/trl/trainer/sft_trainer.py:304: UserWarning: You passed a `dataset_batch_size` argument to the SFTTrainer, the value you passed will override the one in the `SFTConfig`.
  warnings.warn(
/usr/local/python/lib/python3.8/site-packages/trl/trainer/sft_trainer.py:283: UserWarning: You passed a `max_seq_length` argument to the SFTTrainer, the value you passed will override the one in the `SFTConfig`.
  warnings.warn(
/usr/local/python/lib/python3.8/site-packages/trl/trainer/sft_trainer.py:297: UserWarning: You passed a `dataset_num_proc` argument to the SFTTrainer, the value you passed will override the one in the `SFTConfig`.
  warnings.warn(
/usr/local/python/lib/python3.8/site-packages/trl/trainer/sft_trainer.py:304: UserWarning: You passed a `dataset_batch_size` argument to the SFTTrainer, the value you passed will override the one in the `SFTConfig`.
  warnings.warn(
/usr/local/python/lib/python3.8/site-packages/trl/trainer/sft_trainer.py:283: UserWarning: You passed a `max_seq_length` argument to the SFTTrainer, the value you passed will override the one in the `SFTConfig`.
  warnings.warn(
/usr/local/python/lib/python3.8/site-packages/trl/trainer/sft_trainer.py:297: UserWarning: You passed a `dataset_num_proc` argument to the SFTTrainer, the value you passed will override the one in the `SFTConfig`.
  warnings.warn(
/usr/local/python/lib/python3.8/site-packages/trl/trainer/sft_trainer.py:304: UserWarning: You passed a `dataset_batch_size` argument to the SFTTrainer, the value you passed will override the one in the `SFTConfig`.
  warnings.warn(
huggingface/tokenizers: The current process just got forked, after parallelism has already been used. Disabling parallelism to avoid deadlocks...
To disable this warning, you can either:
	- Avoid using `tokenizers` before the fork if possible
	- Explicitly set the environment variable TOKENIZERS_PARALLELISM=(true | false)
huggingface/tokenizers: The current process just got forked, after parallelism has already been used. Disabling parallelism to avoid deadlocks...
To disable this warning, you can either:
	- Avoid using `tokenizers` before the fork if possible
	- Explicitly set the environment variable TOKENIZERS_PARALLELISM=(true | false)
huggingface/tokenizers: The current process just got forked, after parallelism has already been used. Disabling parallelism to avoid deadlocks...
To disable this warning, you can either:
	- Avoid using `tokenizers` before the fork if possible
	- Explicitly set the environment variable TOKENIZERS_PARALLELISM=(true | false)
[2025-01-21 18:26:43,257] [INFO] [real_accelerator.py:191:get_accelerator] Setting ds_accelerator to cuda (auto detect)
[2025-01-21 18:26:43,289] [INFO] [real_accelerator.py:191:get_accelerator] Setting ds_accelerator to cuda (auto detect)
[2025-01-21 18:26:43,369] [INFO] [real_accelerator.py:191:get_accelerator] Setting ds_accelerator to cuda (auto detect)
[2025-01-21 18:26:43,443] [INFO] [comm.py:637:init_distributed] cdb=None
[2025-01-21 18:26:43,443] [INFO] [comm.py:668:init_distributed] Initializing TorchBackend in DeepSpeed with backend nccl
[2025-01-21 18:26:43,468] [INFO] [comm.py:637:init_distributed] cdb=None
huggingface/tokenizers: The current process just got forked, after parallelism has already been used. Disabling parallelism to avoid deadlocks...
To disable this warning, you can either:
	- Avoid using `tokenizers` before the fork if possible
	- Explicitly set the environment variable TOKENIZERS_PARALLELISM=(true | false)
huggingface/tokenizers: The current process just got forked, after parallelism has already been used. Disabling parallelism to avoid deadlocks...
To disable this warning, you can either:
	- Avoid using `tokenizers` before the fork if possible
	- Explicitly set the environment variable TOKENIZERS_PARALLELISM=(true | false)
[2025-01-21 18:26:43,553] [INFO] [comm.py:637:init_distributed] cdb=None
huggingface/tokenizers: The current process just got forked, after parallelism has already been used. Disabling parallelism to avoid deadlocks...
To disable this warning, you can either:
	- Avoid using `tokenizers` before the fork if possible
	- Explicitly set the environment variable TOKENIZERS_PARALLELISM=(true | false)
/usr/local/python/lib/python3.8/site-packages/huggingface_hub/utils/_deprecation.py:100: FutureWarning: Deprecated argument(s) used in '__init__': max_seq_length, dataset_num_proc, dataset_batch_size. Will not be supported from version '1.0.0'.

Deprecated positional argument(s) used in SFTTrainer, please use the SFTConfig to set these arguments instead.
  warnings.warn(message, FutureWarning)
/usr/local/python/lib/python3.8/site-packages/huggingface_hub/utils/_deprecation.py:100: FutureWarning: Deprecated argument(s) used in '__init__': max_seq_length, dataset_num_proc, dataset_batch_size. Will not be supported from version '1.0.0'.

Deprecated positional argument(s) used in SFTTrainer, please use the SFTConfig to set these arguments instead.
  warnings.warn(message, FutureWarning)
/usr/local/python/lib/python3.8/site-packages/huggingface_hub/utils/_deprecation.py:100: FutureWarning: Deprecated argument(s) used in '__init__': max_seq_length, dataset_num_proc, dataset_batch_size. Will not be supported from version '1.0.0'.

Deprecated positional argument(s) used in SFTTrainer, please use the SFTConfig to set these arguments instead.
  warnings.warn(message, FutureWarning)
/usr/local/python/lib/python3.8/site-packages/trl/trainer/sft_trainer.py:283: UserWarning: You passed a `max_seq_length` argument to the SFTTrainer, the value you passed will override the one in the `SFTConfig`.
  warnings.warn(
/usr/local/python/lib/python3.8/site-packages/trl/trainer/sft_trainer.py:297: UserWarning: You passed a `dataset_num_proc` argument to the SFTTrainer, the value you passed will override the one in the `SFTConfig`.
  warnings.warn(
/usr/local/python/lib/python3.8/site-packages/trl/trainer/sft_trainer.py:304: UserWarning: You passed a `dataset_batch_size` argument to the SFTTrainer, the value you passed will override the one in the `SFTConfig`.
  warnings.warn(
/usr/local/python/lib/python3.8/site-packages/trl/trainer/sft_trainer.py:283: UserWarning: You passed a `max_seq_length` argument to the SFTTrainer, the value you passed will override the one in the `SFTConfig`.
  warnings.warn(
/usr/local/python/lib/python3.8/site-packages/trl/trainer/sft_trainer.py:297: UserWarning: You passed a `dataset_num_proc` argument to the SFTTrainer, the value you passed will override the one in the `SFTConfig`.
  warnings.warn(
/usr/local/python/lib/python3.8/site-packages/trl/trainer/sft_trainer.py:304: UserWarning: You passed a `dataset_batch_size` argument to the SFTTrainer, the value you passed will override the one in the `SFTConfig`.
  warnings.warn(
/usr/local/python/lib/python3.8/site-packages/trl/trainer/sft_trainer.py:283: UserWarning: You passed a `max_seq_length` argument to the SFTTrainer, the value you passed will override the one in the `SFTConfig`.
  warnings.warn(
/usr/local/python/lib/python3.8/site-packages/trl/trainer/sft_trainer.py:297: UserWarning: You passed a `dataset_num_proc` argument to the SFTTrainer, the value you passed will override the one in the `SFTConfig`.
  warnings.warn(
/usr/local/python/lib/python3.8/site-packages/trl/trainer/sft_trainer.py:304: UserWarning: You passed a `dataset_batch_size` argument to the SFTTrainer, the value you passed will override the one in the `SFTConfig`.
  warnings.warn(
ts-8b1d814b9463c0320194869514ef31fe-launcher:51877:51877 [0] NCCL INFO Bootstrap : Using eth1:11.234.30.250<0>
ts-8b1d814b9463c0320194869514ef31fe-launcher:51877:51877 [0] NCCL INFO NET/Plugin : dlerror=libnccl-net.so: cannot open shared object file: No such file or directory No plugin found (libnccl-net.so), using internal implementation
ts-8b1d814b9463c0320194869514ef31fe-launcher:51877:51877 [0] NCCL INFO cudaDriverVersion 12000
NCCL version 2.20.5+cuda11.0
ts-8b1d814b9463c0320194869514ef31fe-launcher:51879:51879 [2] NCCL INFO cudaDriverVersion 12000
ts-8b1d814b9463c0320194869514ef31fe-launcher:51879:51879 [2] NCCL INFO Bootstrap : Using eth1:11.234.30.250<0>
ts-8b1d814b9463c0320194869514ef31fe-launcher:51879:51879 [2] NCCL INFO NET/Plugin : dlerror=libnccl-net.so: cannot open shared object file: No such file or directory No plugin found (libnccl-net.so), using internal implementation
ts-8b1d814b9463c0320194869514ef31fe-launcher:51880:51880 [3] NCCL INFO cudaDriverVersion 12000
ts-8b1d814b9463c0320194869514ef31fe-launcher:51880:51880 [3] NCCL INFO Bootstrap : Using eth1:11.234.30.250<0>
ts-8b1d814b9463c0320194869514ef31fe-launcher:51880:51880 [3] NCCL INFO NET/Plugin : dlerror=libnccl-net.so: cannot open shared object file: No such file or directory No plugin found (libnccl-net.so), using internal implementation
ts-8b1d814b9463c0320194869514ef31fe-launcher:51881:51881 [4] NCCL INFO cudaDriverVersion 12000
ts-8b1d814b9463c0320194869514ef31fe-launcher:51881:51881 [4] NCCL INFO Bootstrap : Using eth1:11.234.30.250<0>
ts-8b1d814b9463c0320194869514ef31fe-launcher:51881:51881 [4] NCCL INFO NET/Plugin : dlerror=libnccl-net.so: cannot open shared object file: No such file or directory No plugin found (libnccl-net.so), using internal implementation
ts-8b1d814b9463c0320194869514ef31fe-launcher:51882:51882 [5] NCCL INFO cudaDriverVersion 12000
ts-8b1d814b9463c0320194869514ef31fe-launcher:51882:51882 [5] NCCL INFO Bootstrap : Using eth1:11.234.30.250<0>
ts-8b1d814b9463c0320194869514ef31fe-launcher:51882:51882 [5] NCCL INFO NET/Plugin : dlerror=libnccl-net.so: cannot open shared object file: No such file or directory No plugin found (libnccl-net.so), using internal implementation
ts-8b1d814b9463c0320194869514ef31fe-launcher:51878:51878 [1] NCCL INFO cudaDriverVersion 12000
ts-8b1d814b9463c0320194869514ef31fe-launcher:51878:51878 [1] NCCL INFO Bootstrap : Using eth1:11.234.30.250<0>
ts-8b1d814b9463c0320194869514ef31fe-launcher:51878:51878 [1] NCCL INFO NET/Plugin : dlerror=libnccl-net.so: cannot open shared object file: No such file or directory No plugin found (libnccl-net.so), using internal implementation
ts-8b1d814b9463c0320194869514ef31fe-launcher:51877:53042 [0] NCCL INFO NET/IB : No device found.
ts-8b1d814b9463c0320194869514ef31fe-launcher:51877:53042 [0] NCCL INFO NET/Socket : Using [0]eth1:11.234.30.250<0>
ts-8b1d814b9463c0320194869514ef31fe-launcher:51877:53042 [0] NCCL INFO Using non-device net plugin version 0
ts-8b1d814b9463c0320194869514ef31fe-launcher:51877:53042 [0] NCCL INFO Using network Socket
ts-8b1d814b9463c0320194869514ef31fe-launcher:51881:53043 [4] NCCL INFO NET/IB : No device found.
ts-8b1d814b9463c0320194869514ef31fe-launcher:51881:53043 [4] NCCL INFO NET/Socket : Using [0]eth1:11.234.30.250<0>
ts-8b1d814b9463c0320194869514ef31fe-launcher:51881:53043 [4] NCCL INFO Using non-device net plugin version 0
ts-8b1d814b9463c0320194869514ef31fe-launcher:51881:53043 [4] NCCL INFO Using network Socket
ts-8b1d814b9463c0320194869514ef31fe-launcher:51878:53044 [1] NCCL INFO NET/IB : No device found.
ts-8b1d814b9463c0320194869514ef31fe-launcher:51878:53044 [1] NCCL INFO NET/Socket : Using [0]eth1:11.234.30.250<0>
ts-8b1d814b9463c0320194869514ef31fe-launcher:51878:53044 [1] NCCL INFO Using non-device net plugin version 0
ts-8b1d814b9463c0320194869514ef31fe-launcher:51878:53044 [1] NCCL INFO Using network Socket
ts-8b1d814b9463c0320194869514ef31fe-launcher:51879:53045 [2] NCCL INFO NET/IB : No device found.
ts-8b1d814b9463c0320194869514ef31fe-launcher:51879:53045 [2] NCCL INFO NET/Socket : Using [0]eth1:11.234.30.250<0>
ts-8b1d814b9463c0320194869514ef31fe-launcher:51879:53045 [2] NCCL INFO Using non-device net plugin version 0
ts-8b1d814b9463c0320194869514ef31fe-launcher:51879:53045 [2] NCCL INFO Using network Socket
ts-8b1d814b9463c0320194869514ef31fe-launcher:51882:53046 [5] NCCL INFO NET/IB : No device found.
ts-8b1d814b9463c0320194869514ef31fe-launcher:51882:53046 [5] NCCL INFO NET/Socket : Using [0]eth1:11.234.30.250<0>
ts-8b1d814b9463c0320194869514ef31fe-launcher:51882:53046 [5] NCCL INFO Using non-device net plugin version 0
ts-8b1d814b9463c0320194869514ef31fe-launcher:51882:53046 [5] NCCL INFO Using network Socket
ts-8b1d814b9463c0320194869514ef31fe-launcher:51880:53047 [3] NCCL INFO NET/IB : No device found.
ts-8b1d814b9463c0320194869514ef31fe-launcher:51880:53047 [3] NCCL INFO NET/Socket : Using [0]eth1:11.234.30.250<0>
ts-8b1d814b9463c0320194869514ef31fe-launcher:51880:53047 [3] NCCL INFO Using non-device net plugin version 0
ts-8b1d814b9463c0320194869514ef31fe-launcher:51880:53047 [3] NCCL INFO Using network Socket
ts-8b1d814b9463c0320194869514ef31fe-launcher:51879:53045 [2] NCCL INFO comm 0x91e72a70 rank 2 nranks 6 cudaDev 2 nvmlDev 2 busId 48000 commId 0xbff55d805744c490 - Init START
ts-8b1d814b9463c0320194869514ef31fe-launcher:51880:53047 [3] NCCL INFO comm 0x8f844f60 rank 3 nranks 6 cudaDev 3 nvmlDev 3 busId 59000 commId 0xbff55d805744c490 - Init START
ts-8b1d814b9463c0320194869514ef31fe-launcher:51882:53046 [5] NCCL INFO comm 0x907b00b0 rank 5 nranks 6 cudaDev 5 nvmlDev 5 busId d9000 commId 0xbff55d805744c490 - Init START
ts-8b1d814b9463c0320194869514ef31fe-launcher:51877:53042 [0] NCCL INFO comm 0x8fafe440 rank 0 nranks 6 cudaDev 0 nvmlDev 0 busId 18000 commId 0xbff55d805744c490 - Init START
ts-8b1d814b9463c0320194869514ef31fe-launcher:51878:53044 [1] NCCL INFO comm 0x8fdb8a60 rank 1 nranks 6 cudaDev 1 nvmlDev 1 busId 38000 commId 0xbff55d805744c490 - Init START
ts-8b1d814b9463c0320194869514ef31fe-launcher:51881:53043 [4] NCCL INFO comm 0x91c5d7a0 rank 4 nranks 6 cudaDev 4 nvmlDev 4 busId c8000 commId 0xbff55d805744c490 - Init START
ts-8b1d814b9463c0320194869514ef31fe-launcher:51878:53044 [1] NCCL INFO Setting affinity for GPU 1 to 01fffff0,00000000,00000000,01fffff0
ts-8b1d814b9463c0320194869514ef31fe-launcher:51881:53043 [4] NCCL INFO Setting affinity for GPU 4 to ffffffff,ffff0000,00000000,ffffffff,ffff0000,00000000
ts-8b1d814b9463c0320194869514ef31fe-launcher:51880:53047 [3] NCCL INFO Setting affinity for GPU 3 to 01fffff0,00000000,00000000,01fffff0
ts-8b1d814b9463c0320194869514ef31fe-launcher:51882:53046 [5] NCCL INFO Setting affinity for GPU 5 to ffffffff,ffff0000,00000000,ffffffff,ffff0000,00000000
ts-8b1d814b9463c0320194869514ef31fe-launcher:51879:53045 [2] NCCL INFO Setting affinity for GPU 2 to 01fffff0,00000000,00000000,01fffff0
ts-8b1d814b9463c0320194869514ef31fe-launcher:51877:53042 [0] NCCL INFO Setting affinity for GPU 0 to 01fffff0,00000000,00000000,01fffff0
ts-8b1d814b9463c0320194869514ef31fe-launcher:51882:53046 [5] NCCL INFO comm 0x907b00b0 rank 5 nRanks 6 nNodes 1 localRanks 6 localRank 5 MNNVL 0
ts-8b1d814b9463c0320194869514ef31fe-launcher:51877:53042 [0] NCCL INFO comm 0x8fafe440 rank 0 nRanks 6 nNodes 1 localRanks 6 localRank 0 MNNVL 0
ts-8b1d814b9463c0320194869514ef31fe-launcher:51878:53044 [1] NCCL INFO comm 0x8fdb8a60 rank 1 nRanks 6 nNodes 1 localRanks 6 localRank 1 MNNVL 0
ts-8b1d814b9463c0320194869514ef31fe-launcher:51879:53045 [2] NCCL INFO comm 0x91e72a70 rank 2 nRanks 6 nNodes 1 localRanks 6 localRank 2 MNNVL 0
ts-8b1d814b9463c0320194869514ef31fe-launcher:51881:53043 [4] NCCL INFO comm 0x91c5d7a0 rank 4 nRanks 6 nNodes 1 localRanks 6 localRank 4 MNNVL 0
ts-8b1d814b9463c0320194869514ef31fe-launcher:51880:53047 [3] NCCL INFO comm 0x8f844f60 rank 3 nRanks 6 nNodes 1 localRanks 6 localRank 3 MNNVL 0
ts-8b1d814b9463c0320194869514ef31fe-launcher:51882:53046 [5] NCCL INFO Trees [0] -1/-1/-1->5->4 [1] -1/-1/-1->5->4 [2] -1/-1/-1->5->4 [3] -1/-1/-1->5->4 [4] -1/-1/-1->5->4 [5] -1/-1/-1->5->4 [6] -1/-1/-1->5->4 [7] -1/-1/-1->5->4 [8] -1/-1/-1->5->4 [9] -1/-1/-1->5->4 [10] -1/-1/-1->5->4 [11] -1/-1/-1->5->4 [12] -1/-1/-1->5->4 [13] -1/-1/-1->5->4 [14] -1/-1/-1->5->4 [15] -1/-1/-1->5->4
ts-8b1d814b9463c0320194869514ef31fe-launcher:51877:53042 [0] NCCL INFO Channel 00/16 :    0   1   2   3   4   5
ts-8b1d814b9463c0320194869514ef31fe-launcher:51878:53044 [1] NCCL INFO Trees [0] 2/-1/-1->1->0 [1] 2/-1/-1->1->0 [2] 2/-1/-1->1->0 [3] 2/-1/-1->1->0 [4] 2/-1/-1->1->0 [5] 2/-1/-1->1->0 [6] 2/-1/-1->1->0 [7] 2/-1/-1->1->0 [8] 2/-1/-1->1->0 [9] 2/-1/-1->1->0 [10] 2/-1/-1->1->0 [11] 2/-1/-1->1->0 [12] 2/-1/-1->1->0 [13] 2/-1/-1->1->0 [14] 2/-1/-1->1->0 [15] 2/-1/-1->1->0
ts-8b1d814b9463c0320194869514ef31fe-launcher:51879:53045 [2] NCCL INFO Trees [0] 3/-1/-1->2->1 [1] 3/-1/-1->2->1 [2] 3/-1/-1->2->1 [3] 3/-1/-1->2->1 [4] 3/-1/-1->2->1 [5] 3/-1/-1->2->1 [6] 3/-1/-1->2->1 [7] 3/-1/-1->2->1 [8] 3/-1/-1->2->1 [9] 3/-1/-1->2->1 [10] 3/-1/-1->2->1 [11] 3/-1/-1->2->1 [12] 3/-1/-1->2->1 [13] 3/-1/-1->2->1 [14] 3/-1/-1->2->1 [15] 3/-1/-1->2->1
ts-8b1d814b9463c0320194869514ef31fe-launcher:51879:53045 [2] NCCL INFO P2P Chunksize set to 524288
ts-8b1d814b9463c0320194869514ef31fe-launcher:51881:53043 [4] NCCL INFO Trees [0] 5/-1/-1->4->3 [1] 5/-1/-1->4->3 [2] 5/-1/-1->4->3 [3] 5/-1/-1->4->3 [4] 5/-1/-1->4->3 [5] 5/-1/-1->4->3 [6] 5/-1/-1->4->3 [7] 5/-1/-1->4->3 [8] 5/-1/-1->4->3 [9] 5/-1/-1->4->3 [10] 5/-1/-1->4->3 [11] 5/-1/-1->4->3 [12] 5/-1/-1->4->3 [13] 5/-1/-1->4->3 [14] 5/-1/-1->4->3 [15] 5/-1/-1->4->3
ts-8b1d814b9463c0320194869514ef31fe-launcher:51881:53043 [4] NCCL INFO P2P Chunksize set to 524288
ts-8b1d814b9463c0320194869514ef31fe-launcher:51880:53047 [3] NCCL INFO Trees [0] 4/-1/-1->3->2 [1] 4/-1/-1->3->2 [2] 4/-1/-1->3->2 [3] 4/-1/-1->3->2 [4] 4/-1/-1->3->2 [5] 4/-1/-1->3->2 [6] 4/-1/-1->3->2 [7] 4/-1/-1->3->2 [8] 4/-1/-1->3->2 [9] 4/-1/-1->3->2 [10] 4/-1/-1->3->2 [11] 4/-1/-1->3->2 [12] 4/-1/-1->3->2 [13] 4/-1/-1->3->2 [14] 4/-1/-1->3->2 [15] 4/-1/-1->3->2
ts-8b1d814b9463c0320194869514ef31fe-launcher:51880:53047 [3] NCCL INFO P2P Chunksize set to 524288
ts-8b1d814b9463c0320194869514ef31fe-launcher:51882:53046 [5] NCCL INFO P2P Chunksize set to 524288
ts-8b1d814b9463c0320194869514ef31fe-launcher:51877:53042 [0] NCCL INFO Channel 01/16 :    0   1   2   3   4   5
ts-8b1d814b9463c0320194869514ef31fe-launcher:51878:53044 [1] NCCL INFO P2P Chunksize set to 524288
ts-8b1d814b9463c0320194869514ef31fe-launcher:51877:53042 [0] NCCL INFO Channel 02/16 :    0   1   2   3   4   5
ts-8b1d814b9463c0320194869514ef31fe-launcher:51877:53042 [0] NCCL INFO Channel 03/16 :    0   1   2   3   4   5
ts-8b1d814b9463c0320194869514ef31fe-launcher:51877:53042 [0] NCCL INFO Channel 04/16 :    0   1   2   3   4   5
ts-8b1d814b9463c0320194869514ef31fe-launcher:51877:53042 [0] NCCL INFO Channel 05/16 :    0   1   2   3   4   5
ts-8b1d814b9463c0320194869514ef31fe-launcher:51877:53042 [0] NCCL INFO Channel 06/16 :    0   1   2   3   4   5
ts-8b1d814b9463c0320194869514ef31fe-launcher:51877:53042 [0] NCCL INFO Channel 07/16 :    0   1   2   3   4   5
ts-8b1d814b9463c0320194869514ef31fe-launcher:51877:53042 [0] NCCL INFO Channel 08/16 :    0   1   2   3   4   5
ts-8b1d814b9463c0320194869514ef31fe-launcher:51877:53042 [0] NCCL INFO Channel 09/16 :    0   1   2   3   4   5
ts-8b1d814b9463c0320194869514ef31fe-launcher:51877:53042 [0] NCCL INFO Channel 10/16 :    0   1   2   3   4   5
ts-8b1d814b9463c0320194869514ef31fe-launcher:51877:53042 [0] NCCL INFO Channel 11/16 :    0   1   2   3   4   5
ts-8b1d814b9463c0320194869514ef31fe-launcher:51877:53042 [0] NCCL INFO Channel 12/16 :    0   1   2   3   4   5
ts-8b1d814b9463c0320194869514ef31fe-launcher:51877:53042 [0] NCCL INFO Channel 13/16 :    0   1   2   3   4   5
ts-8b1d814b9463c0320194869514ef31fe-launcher:51877:53042 [0] NCCL INFO Channel 14/16 :    0   1   2   3   4   5
ts-8b1d814b9463c0320194869514ef31fe-launcher:51877:53042 [0] NCCL INFO Channel 15/16 :    0   1   2   3   4   5
ts-8b1d814b9463c0320194869514ef31fe-launcher:51877:53042 [0] NCCL INFO Trees [0] 1/-1/-1->0->-1 [1] 1/-1/-1->0->-1 [2] 1/-1/-1->0->-1 [3] 1/-1/-1->0->-1 [4] 1/-1/-1->0->-1 [5] 1/-1/-1->0->-1 [6] 1/-1/-1->0->-1 [7] 1/-1/-1->0->-1 [8] 1/-1/-1->0->-1 [9] 1/-1/-1->0->-1 [10] 1/-1/-1->0->-1 [11] 1/-1/-1->0->-1 [12] 1/-1/-1->0->-1 [13] 1/-1/-1->0->-1 [14] 1/-1/-1->0->-1 [15] 1/-1/-1->0->-1
ts-8b1d814b9463c0320194869514ef31fe-launcher:51877:53042 [0] NCCL INFO P2P Chunksize set to 524288
ts-8b1d814b9463c0320194869514ef31fe-launcher:51879:53045 [2] NCCL INFO Channel 00/0 : 2[2] -> 3[3] via P2P/IPC
ts-8b1d814b9463c0320194869514ef31fe-launcher:51881:53043 [4] NCCL INFO Channel 00/0 : 4[4] -> 5[5] via P2P/IPC
ts-8b1d814b9463c0320194869514ef31fe-launcher:51879:53045 [2] NCCL INFO Channel 01/0 : 2[2] -> 3[3] via P2P/IPC
ts-8b1d814b9463c0320194869514ef31fe-launcher:51882:53046 [5] NCCL INFO Channel 00/0 : 5[5] -> 0[0] via P2P/IPC
ts-8b1d814b9463c0320194869514ef31fe-launcher:51878:53044 [1] NCCL INFO Channel 00/0 : 1[1] -> 2[2] via P2P/IPC
ts-8b1d814b9463c0320194869514ef31fe-launcher:51881:53043 [4] NCCL INFO Channel 01/0 : 4[4] -> 5[5] via P2P/IPC
ts-8b1d814b9463c0320194869514ef31fe-launcher:51880:53047 [3] NCCL INFO Channel 00/0 : 3[3] -> 4[4] via P2P/IPC
ts-8b1d814b9463c0320194869514ef31fe-launcher:51879:53045 [2] NCCL INFO Channel 02/0 : 2[2] -> 3[3] via P2P/IPC
ts-8b1d814b9463c0320194869514ef31fe-launcher:51882:53046 [5] NCCL INFO Channel 01/0 : 5[5] -> 0[0] via P2P/IPC
ts-8b1d814b9463c0320194869514ef31fe-launcher:51878:53044 [1] NCCL INFO Channel 01/0 : 1[1] -> 2[2] via P2P/IPC
ts-8b1d814b9463c0320194869514ef31fe-launcher:51881:53043 [4] NCCL INFO Channel 02/0 : 4[4] -> 5[5] via P2P/IPC
ts-8b1d814b9463c0320194869514ef31fe-launcher:51877:53042 [0] NCCL INFO Channel 00/0 : 0[0] -> 1[1] via P2P/IPC
ts-8b1d814b9463c0320194869514ef31fe-launcher:51879:53045 [2] NCCL INFO Channel 03/0 : 2[2] -> 3[3] via P2P/IPC
ts-8b1d814b9463c0320194869514ef31fe-launcher:51880:53047 [3] NCCL INFO Channel 01/0 : 3[3] -> 4[4] via P2P/IPC
ts-8b1d814b9463c0320194869514ef31fe-launcher:51882:53046 [5] NCCL INFO Channel 02/0 : 5[5] -> 0[0] via P2P/IPC
ts-8b1d814b9463c0320194869514ef31fe-launcher:51878:53044 [1] NCCL INFO Channel 02/0 : 1[1] -> 2[2] via P2P/IPC
ts-8b1d814b9463c0320194869514ef31fe-launcher:51881:53043 [4] NCCL INFO Channel 03/0 : 4[4] -> 5[5] via P2P/IPC
ts-8b1d814b9463c0320194869514ef31fe-launcher:51877:53042 [0] NCCL INFO Channel 01/0 : 0[0] -> 1[1] via P2P/IPC
ts-8b1d814b9463c0320194869514ef31fe-launcher:51879:53045 [2] NCCL INFO Channel 04/0 : 2[2] -> 3[3] via P2P/IPC
ts-8b1d814b9463c0320194869514ef31fe-launcher:51880:53047 [3] NCCL INFO Channel 02/0 : 3[3] -> 4[4] via P2P/IPC
ts-8b1d814b9463c0320194869514ef31fe-launcher:51882:53046 [5] NCCL INFO Channel 03/0 : 5[5] -> 0[0] via P2P/IPC
ts-8b1d814b9463c0320194869514ef31fe-launcher:51878:53044 [1] NCCL INFO Channel 03/0 : 1[1] -> 2[2] via P2P/IPC
ts-8b1d814b9463c0320194869514ef31fe-launcher:51881:53043 [4] NCCL INFO Channel 04/0 : 4[4] -> 5[5] via P2P/IPC
ts-8b1d814b9463c0320194869514ef31fe-launcher:51877:53042 [0] NCCL INFO Channel 02/0 : 0[0] -> 1[1] via P2P/IPC
ts-8b1d814b9463c0320194869514ef31fe-launcher:51879:53045 [2] NCCL INFO Channel 05/0 : 2[2] -> 3[3] via P2P/IPC
ts-8b1d814b9463c0320194869514ef31fe-launcher:51880:53047 [3] NCCL INFO Channel 03/0 : 3[3] -> 4[4] via P2P/IPC
ts-8b1d814b9463c0320194869514ef31fe-launcher:51882:53046 [5] NCCL INFO Channel 04/0 : 5[5] -> 0[0] via P2P/IPC
ts-8b1d814b9463c0320194869514ef31fe-launcher:51878:53044 [1] NCCL INFO Channel 04/0 : 1[1] -> 2[2] via P2P/IPC
ts-8b1d814b9463c0320194869514ef31fe-launcher:51881:53043 [4] NCCL INFO Channel 05/0 : 4[4] -> 5[5] via P2P/IPC
ts-8b1d814b9463c0320194869514ef31fe-launcher:51879:53045 [2] NCCL INFO Channel 06/0 : 2[2] -> 3[3] via P2P/IPC
ts-8b1d814b9463c0320194869514ef31fe-launcher:51877:53042 [0] NCCL INFO Channel 03/0 : 0[0] -> 1[1] via P2P/IPC
ts-8b1d814b9463c0320194869514ef31fe-launcher:51880:53047 [3] NCCL INFO Channel 04/0 : 3[3] -> 4[4] via P2P/IPC
ts-8b1d814b9463c0320194869514ef31fe-launcher:51882:53046 [5] NCCL INFO Channel 05/0 : 5[5] -> 0[0] via P2P/IPC
ts-8b1d814b9463c0320194869514ef31fe-launcher:51878:53044 [1] NCCL INFO Channel 05/0 : 1[1] -> 2[2] via P2P/IPC
ts-8b1d814b9463c0320194869514ef31fe-launcher:51881:53043 [4] NCCL INFO Channel 06/0 : 4[4] -> 5[5] via P2P/IPC
ts-8b1d814b9463c0320194869514ef31fe-launcher:51879:53045 [2] NCCL INFO Channel 07/0 : 2[2] -> 3[3] via P2P/IPC
ts-8b1d814b9463c0320194869514ef31fe-launcher:51877:53042 [0] NCCL INFO Channel 04/0 : 0[0] -> 1[1] via P2P/IPC
ts-8b1d814b9463c0320194869514ef31fe-launcher:51880:53047 [3] NCCL INFO Channel 05/0 : 3[3] -> 4[4] via P2P/IPC
ts-8b1d814b9463c0320194869514ef31fe-launcher:51882:53046 [5] NCCL INFO Channel 06/0 : 5[5] -> 0[0] via P2P/IPC
ts-8b1d814b9463c0320194869514ef31fe-launcher:51878:53044 [1] NCCL INFO Channel 06/0 : 1[1] -> 2[2] via P2P/IPC
ts-8b1d814b9463c0320194869514ef31fe-launcher:51881:53043 [4] NCCL INFO Channel 07/0 : 4[4] -> 5[5] via P2P/IPC
ts-8b1d814b9463c0320194869514ef31fe-launcher:51879:53045 [2] NCCL INFO Channel 08/0 : 2[2] -> 3[3] via P2P/IPC
ts-8b1d814b9463c0320194869514ef31fe-launcher:51877:53042 [0] NCCL INFO Channel 05/0 : 0[0] -> 1[1] via P2P/IPC
ts-8b1d814b9463c0320194869514ef31fe-launcher:51880:53047 [3] NCCL INFO Channel 06/0 : 3[3] -> 4[4] via P2P/IPC
ts-8b1d814b9463c0320194869514ef31fe-launcher:51882:53046 [5] NCCL INFO Channel 07/0 : 5[5] -> 0[0] via P2P/IPC
ts-8b1d814b9463c0320194869514ef31fe-launcher:51878:53044 [1] NCCL INFO Channel 07/0 : 1[1] -> 2[2] via P2P/IPC
ts-8b1d814b9463c0320194869514ef31fe-launcher:51881:53043 [4] NCCL INFO Channel 08/0 : 4[4] -> 5[5] via P2P/IPC
ts-8b1d814b9463c0320194869514ef31fe-launcher:51879:53045 [2] NCCL INFO Channel 09/0 : 2[2] -> 3[3] via P2P/IPC
ts-8b1d814b9463c0320194869514ef31fe-launcher:51877:53042 [0] NCCL INFO Channel 06/0 : 0[0] -> 1[1] via P2P/IPC
ts-8b1d814b9463c0320194869514ef31fe-launcher:51880:53047 [3] NCCL INFO Channel 07/0 : 3[3] -> 4[4] via P2P/IPC
ts-8b1d814b9463c0320194869514ef31fe-launcher:51882:53046 [5] NCCL INFO Channel 08/0 : 5[5] -> 0[0] via P2P/IPC
ts-8b1d814b9463c0320194869514ef31fe-launcher:51878:53044 [1] NCCL INFO Channel 08/0 : 1[1] -> 2[2] via P2P/IPC
ts-8b1d814b9463c0320194869514ef31fe-launcher:51881:53043 [4] NCCL INFO Channel 09/0 : 4[4] -> 5[5] via P2P/IPC
ts-8b1d814b9463c0320194869514ef31fe-launcher:51879:53045 [2] NCCL INFO Channel 10/0 : 2[2] -> 3[3] via P2P/IPC
ts-8b1d814b9463c0320194869514ef31fe-launcher:51877:53042 [0] NCCL INFO Channel 07/0 : 0[0] -> 1[1] via P2P/IPC
ts-8b1d814b9463c0320194869514ef31fe-launcher:51880:53047 [3] NCCL INFO Channel 08/0 : 3[3] -> 4[4] via P2P/IPC
ts-8b1d814b9463c0320194869514ef31fe-launcher:51882:53046 [5] NCCL INFO Channel 09/0 : 5[5] -> 0[0] via P2P/IPC
ts-8b1d814b9463c0320194869514ef31fe-launcher:51878:53044 [1] NCCL INFO Channel 09/0 : 1[1] -> 2[2] via P2P/IPC
ts-8b1d814b9463c0320194869514ef31fe-launcher:51879:53045 [2] NCCL INFO Channel 11/0 : 2[2] -> 3[3] via P2P/IPC
ts-8b1d814b9463c0320194869514ef31fe-launcher:51881:53043 [4] NCCL INFO Channel 10/0 : 4[4] -> 5[5] via P2P/IPC
ts-8b1d814b9463c0320194869514ef31fe-launcher:51877:53042 [0] NCCL INFO Channel 08/0 : 0[0] -> 1[1] via P2P/IPC
ts-8b1d814b9463c0320194869514ef31fe-launcher:51882:53046 [5] NCCL INFO Channel 10/0 : 5[5] -> 0[0] via P2P/IPC
ts-8b1d814b9463c0320194869514ef31fe-launcher:51880:53047 [3] NCCL INFO Channel 09/0 : 3[3] -> 4[4] via P2P/IPC
ts-8b1d814b9463c0320194869514ef31fe-launcher:51878:53044 [1] NCCL INFO Channel 10/0 : 1[1] -> 2[2] via P2P/IPC
ts-8b1d814b9463c0320194869514ef31fe-launcher:51881:53043 [4] NCCL INFO Channel 11/0 : 4[4] -> 5[5] via P2P/IPC
ts-8b1d814b9463c0320194869514ef31fe-launcher:51879:53045 [2] NCCL INFO Channel 12/0 : 2[2] -> 3[3] via P2P/IPC
ts-8b1d814b9463c0320194869514ef31fe-launcher:51882:53046 [5] NCCL INFO Channel 11/0 : 5[5] -> 0[0] via P2P/IPC
ts-8b1d814b9463c0320194869514ef31fe-launcher:51877:53042 [0] NCCL INFO Channel 09/0 : 0[0] -> 1[1] via P2P/IPC
ts-8b1d814b9463c0320194869514ef31fe-launcher:51880:53047 [3] NCCL INFO Channel 10/0 : 3[3] -> 4[4] via P2P/IPC
ts-8b1d814b9463c0320194869514ef31fe-launcher:51878:53044 [1] NCCL INFO Channel 11/0 : 1[1] -> 2[2] via P2P/IPC
ts-8b1d814b9463c0320194869514ef31fe-launcher:51881:53043 [4] NCCL INFO Channel 12/0 : 4[4] -> 5[5] via P2P/IPC
ts-8b1d814b9463c0320194869514ef31fe-launcher:51879:53045 [2] NCCL INFO Channel 13/0 : 2[2] -> 3[3] via P2P/IPC
ts-8b1d814b9463c0320194869514ef31fe-launcher:51882:53046 [5] NCCL INFO Channel 12/0 : 5[5] -> 0[0] via P2P/IPC
ts-8b1d814b9463c0320194869514ef31fe-launcher:51877:53042 [0] NCCL INFO Channel 10/0 : 0[0] -> 1[1] via P2P/IPC
ts-8b1d814b9463c0320194869514ef31fe-launcher:51880:53047 [3] NCCL INFO Channel 11/0 : 3[3] -> 4[4] via P2P/IPC
ts-8b1d814b9463c0320194869514ef31fe-launcher:51878:53044 [1] NCCL INFO Channel 12/0 : 1[1] -> 2[2] via P2P/IPC
ts-8b1d814b9463c0320194869514ef31fe-launcher:51881:53043 [4] NCCL INFO Channel 13/0 : 4[4] -> 5[5] via P2P/IPC
ts-8b1d814b9463c0320194869514ef31fe-launcher:51879:53045 [2] NCCL INFO Channel 14/0 : 2[2] -> 3[3] via P2P/IPC
ts-8b1d814b9463c0320194869514ef31fe-launcher:51882:53046 [5] NCCL INFO Channel 13/0 : 5[5] -> 0[0] via P2P/IPC
ts-8b1d814b9463c0320194869514ef31fe-launcher:51877:53042 [0] NCCL INFO Channel 11/0 : 0[0] -> 1[1] via P2P/IPC
ts-8b1d814b9463c0320194869514ef31fe-launcher:51880:53047 [3] NCCL INFO Channel 12/0 : 3[3] -> 4[4] via P2P/IPC
ts-8b1d814b9463c0320194869514ef31fe-launcher:51878:53044 [1] NCCL INFO Channel 13/0 : 1[1] -> 2[2] via P2P/IPC
ts-8b1d814b9463c0320194869514ef31fe-launcher:51881:53043 [4] NCCL INFO Channel 14/0 : 4[4] -> 5[5] via P2P/IPC
ts-8b1d814b9463c0320194869514ef31fe-launcher:51879:53045 [2] NCCL INFO Channel 15/0 : 2[2] -> 3[3] via P2P/IPC
ts-8b1d814b9463c0320194869514ef31fe-launcher:51882:53046 [5] NCCL INFO Channel 14/0 : 5[5] -> 0[0] via P2P/IPC
ts-8b1d814b9463c0320194869514ef31fe-launcher:51877:53042 [0] NCCL INFO Channel 12/0 : 0[0] -> 1[1] via P2P/IPC
ts-8b1d814b9463c0320194869514ef31fe-launcher:51880:53047 [3] NCCL INFO Channel 13/0 : 3[3] -> 4[4] via P2P/IPC
ts-8b1d814b9463c0320194869514ef31fe-launcher:51878:53044 [1] NCCL INFO Channel 14/0 : 1[1] -> 2[2] via P2P/IPC
ts-8b1d814b9463c0320194869514ef31fe-launcher:51881:53043 [4] NCCL INFO Channel 15/0 : 4[4] -> 5[5] via P2P/IPC
ts-8b1d814b9463c0320194869514ef31fe-launcher:51882:53046 [5] NCCL INFO Channel 15/0 : 5[5] -> 0[0] via P2P/IPC
ts-8b1d814b9463c0320194869514ef31fe-launcher:51877:53042 [0] NCCL INFO Channel 13/0 : 0[0] -> 1[1] via P2P/IPC
ts-8b1d814b9463c0320194869514ef31fe-launcher:51880:53047 [3] NCCL INFO Channel 14/0 : 3[3] -> 4[4] via P2P/IPC
ts-8b1d814b9463c0320194869514ef31fe-launcher:51878:53044 [1] NCCL INFO Channel 15/0 : 1[1] -> 2[2] via P2P/IPC
ts-8b1d814b9463c0320194869514ef31fe-launcher:51877:53042 [0] NCCL INFO Channel 14/0 : 0[0] -> 1[1] via P2P/IPC
ts-8b1d814b9463c0320194869514ef31fe-launcher:51880:53047 [3] NCCL INFO Channel 15/0 : 3[3] -> 4[4] via P2P/IPC
ts-8b1d814b9463c0320194869514ef31fe-launcher:51877:53042 [0] NCCL INFO Channel 15/0 : 0[0] -> 1[1] via P2P/IPC
ts-8b1d814b9463c0320194869514ef31fe-launcher:51879:53045 [2] NCCL INFO Connected all rings
ts-8b1d814b9463c0320194869514ef31fe-launcher:51878:53044 [1] NCCL INFO Connected all rings
ts-8b1d814b9463c0320194869514ef31fe-launcher:51880:53047 [3] NCCL INFO Connected all rings
ts-8b1d814b9463c0320194869514ef31fe-launcher:51877:53042 [0] NCCL INFO Connected all rings
ts-8b1d814b9463c0320194869514ef31fe-launcher:51882:53046 [5] NCCL INFO Connected all rings
ts-8b1d814b9463c0320194869514ef31fe-launcher:51881:53043 [4] NCCL INFO Connected all rings
ts-8b1d814b9463c0320194869514ef31fe-launcher:51882:53046 [5] NCCL INFO Channel 00/0 : 5[5] -> 4[4] via P2P/IPC
ts-8b1d814b9463c0320194869514ef31fe-launcher:51882:53046 [5] NCCL INFO Channel 01/0 : 5[5] -> 4[4] via P2P/IPC
ts-8b1d814b9463c0320194869514ef31fe-launcher:51882:53046 [5] NCCL INFO Channel 02/0 : 5[5] -> 4[4] via P2P/IPC
ts-8b1d814b9463c0320194869514ef31fe-launcher:51882:53046 [5] NCCL INFO Channel 03/0 : 5[5] -> 4[4] via P2P/IPC
ts-8b1d814b9463c0320194869514ef31fe-launcher:51882:53046 [5] NCCL INFO Channel 04/0 : 5[5] -> 4[4] via P2P/IPC
ts-8b1d814b9463c0320194869514ef31fe-launcher:51882:53046 [5] NCCL INFO Channel 05/0 : 5[5] -> 4[4] via P2P/IPC
ts-8b1d814b9463c0320194869514ef31fe-launcher:51882:53046 [5] NCCL INFO Channel 06/0 : 5[5] -> 4[4] via P2P/IPC
ts-8b1d814b9463c0320194869514ef31fe-launcher:51882:53046 [5] NCCL INFO Channel 07/0 : 5[5] -> 4[4] via P2P/IPC
ts-8b1d814b9463c0320194869514ef31fe-launcher:51882:53046 [5] NCCL INFO Channel 08/0 : 5[5] -> 4[4] via P2P/IPC
ts-8b1d814b9463c0320194869514ef31fe-launcher:51882:53046 [5] NCCL INFO Channel 09/0 : 5[5] -> 4[4] via P2P/IPC
ts-8b1d814b9463c0320194869514ef31fe-launcher:51882:53046 [5] NCCL INFO Channel 10/0 : 5[5] -> 4[4] via P2P/IPC
ts-8b1d814b9463c0320194869514ef31fe-launcher:51882:53046 [5] NCCL INFO Channel 11/0 : 5[5] -> 4[4] via P2P/IPC
ts-8b1d814b9463c0320194869514ef31fe-launcher:51882:53046 [5] NCCL INFO Channel 12/0 : 5[5] -> 4[4] via P2P/IPC
ts-8b1d814b9463c0320194869514ef31fe-launcher:51878:53044 [1] NCCL INFO Channel 00/0 : 1[1] -> 0[0] via P2P/IPC
ts-8b1d814b9463c0320194869514ef31fe-launcher:51882:53046 [5] NCCL INFO Channel 13/0 : 5[5] -> 4[4] via P2P/IPC
ts-8b1d814b9463c0320194869514ef31fe-launcher:51879:53045 [2] NCCL INFO Channel 00/0 : 2[2] -> 1[1] via P2P/IPC
ts-8b1d814b9463c0320194869514ef31fe-launcher:51878:53044 [1] NCCL INFO Channel 01/0 : 1[1] -> 0[0] via P2P/IPC
ts-8b1d814b9463c0320194869514ef31fe-launcher:51882:53046 [5] NCCL INFO Channel 14/0 : 5[5] -> 4[4] via P2P/IPC
ts-8b1d814b9463c0320194869514ef31fe-launcher:51879:53045 [2] NCCL INFO Channel 01/0 : 2[2] -> 1[1] via P2P/IPC
ts-8b1d814b9463c0320194869514ef31fe-launcher:51878:53044 [1] NCCL INFO Channel 02/0 : 1[1] -> 0[0] via P2P/IPC
ts-8b1d814b9463c0320194869514ef31fe-launcher:51882:53046 [5] NCCL INFO Channel 15/0 : 5[5] -> 4[4] via P2P/IPC
ts-8b1d814b9463c0320194869514ef31fe-launcher:51879:53045 [2] NCCL INFO Channel 02/0 : 2[2] -> 1[1] via P2P/IPC
ts-8b1d814b9463c0320194869514ef31fe-launcher:51881:53043 [4] NCCL INFO Channel 00/0 : 4[4] -> 3[3] via P2P/IPC
ts-8b1d814b9463c0320194869514ef31fe-launcher:51880:53047 [3] NCCL INFO Channel 00/0 : 3[3] -> 2[2] via P2P/IPC
ts-8b1d814b9463c0320194869514ef31fe-launcher:51878:53044 [1] NCCL INFO Channel 03/0 : 1[1] -> 0[0] via P2P/IPC
ts-8b1d814b9463c0320194869514ef31fe-launcher:51879:53045 [2] NCCL INFO Channel 03/0 : 2[2] -> 1[1] via P2P/IPC
ts-8b1d814b9463c0320194869514ef31fe-launcher:51881:53043 [4] NCCL INFO Channel 01/0 : 4[4] -> 3[3] via P2P/IPC
ts-8b1d814b9463c0320194869514ef31fe-launcher:51880:53047 [3] NCCL INFO Channel 01/0 : 3[3] -> 2[2] via P2P/IPC
ts-8b1d814b9463c0320194869514ef31fe-launcher:51878:53044 [1] NCCL INFO Channel 04/0 : 1[1] -> 0[0] via P2P/IPC
ts-8b1d814b9463c0320194869514ef31fe-launcher:51879:53045 [2] NCCL INFO Channel 04/0 : 2[2] -> 1[1] via P2P/IPC
ts-8b1d814b9463c0320194869514ef31fe-launcher:51881:53043 [4] NCCL INFO Channel 02/0 : 4[4] -> 3[3] via P2P/IPC
ts-8b1d814b9463c0320194869514ef31fe-launcher:51880:53047 [3] NCCL INFO Channel 02/0 : 3[3] -> 2[2] via P2P/IPC
ts-8b1d814b9463c0320194869514ef31fe-launcher:51878:53044 [1] NCCL INFO Channel 05/0 : 1[1] -> 0[0] via P2P/IPC
ts-8b1d814b9463c0320194869514ef31fe-launcher:51879:53045 [2] NCCL INFO Channel 05/0 : 2[2] -> 1[1] via P2P/IPC
ts-8b1d814b9463c0320194869514ef31fe-launcher:51881:53043 [4] NCCL INFO Channel 03/0 : 4[4] -> 3[3] via P2P/IPC
ts-8b1d814b9463c0320194869514ef31fe-launcher:51880:53047 [3] NCCL INFO Channel 03/0 : 3[3] -> 2[2] via P2P/IPC
ts-8b1d814b9463c0320194869514ef31fe-launcher:51878:53044 [1] NCCL INFO Channel 06/0 : 1[1] -> 0[0] via P2P/IPC
ts-8b1d814b9463c0320194869514ef31fe-launcher:51879:53045 [2] NCCL INFO Channel 06/0 : 2[2] -> 1[1] via P2P/IPC
ts-8b1d814b9463c0320194869514ef31fe-launcher:51881:53043 [4] NCCL INFO Channel 04/0 : 4[4] -> 3[3] via P2P/IPC
ts-8b1d814b9463c0320194869514ef31fe-launcher:51880:53047 [3] NCCL INFO Channel 04/0 : 3[3] -> 2[2] via P2P/IPC
ts-8b1d814b9463c0320194869514ef31fe-launcher:51881:53043 [4] NCCL INFO Channel 05/0 : 4[4] -> 3[3] via P2P/IPC
ts-8b1d814b9463c0320194869514ef31fe-launcher:51878:53044 [1] NCCL INFO Channel 07/0 : 1[1] -> 0[0] via P2P/IPC
ts-8b1d814b9463c0320194869514ef31fe-launcher:51879:53045 [2] NCCL INFO Channel 07/0 : 2[2] -> 1[1] via P2P/IPC
ts-8b1d814b9463c0320194869514ef31fe-launcher:51881:53043 [4] NCCL INFO Channel 06/0 : 4[4] -> 3[3] via P2P/IPC
ts-8b1d814b9463c0320194869514ef31fe-launcher:51878:53044 [1] NCCL INFO Channel 08/0 : 1[1] -> 0[0] via P2P/IPC
ts-8b1d814b9463c0320194869514ef31fe-launcher:51879:53045 [2] NCCL INFO Channel 08/0 : 2[2] -> 1[1] via P2P/IPC
ts-8b1d814b9463c0320194869514ef31fe-launcher:51881:53043 [4] NCCL INFO Channel 07/0 : 4[4] -> 3[3] via P2P/IPC
ts-8b1d814b9463c0320194869514ef31fe-launcher:51880:53047 [3] NCCL INFO Channel 05/0 : 3[3] -> 2[2] via P2P/IPC
ts-8b1d814b9463c0320194869514ef31fe-launcher:51878:53044 [1] NCCL INFO Channel 09/0 : 1[1] -> 0[0] via P2P/IPC
ts-8b1d814b9463c0320194869514ef31fe-launcher:51879:53045 [2] NCCL INFO Channel 09/0 : 2[2] -> 1[1] via P2P/IPC
ts-8b1d814b9463c0320194869514ef31fe-launcher:51881:53043 [4] NCCL INFO Channel 08/0 : 4[4] -> 3[3] via P2P/IPC
ts-8b1d814b9463c0320194869514ef31fe-launcher:51880:53047 [3] NCCL INFO Channel 06/0 : 3[3] -> 2[2] via P2P/IPC
ts-8b1d814b9463c0320194869514ef31fe-launcher:51878:53044 [1] NCCL INFO Channel 10/0 : 1[1] -> 0[0] via P2P/IPC
ts-8b1d814b9463c0320194869514ef31fe-launcher:51879:53045 [2] NCCL INFO Channel 10/0 : 2[2] -> 1[1] via P2P/IPC
ts-8b1d814b9463c0320194869514ef31fe-launcher:51881:53043 [4] NCCL INFO Channel 09/0 : 4[4] -> 3[3] via P2P/IPC
ts-8b1d814b9463c0320194869514ef31fe-launcher:51880:53047 [3] NCCL INFO Channel 07/0 : 3[3] -> 2[2] via P2P/IPC
ts-8b1d814b9463c0320194869514ef31fe-launcher:51878:53044 [1] NCCL INFO Channel 11/0 : 1[1] -> 0[0] via P2P/IPC
ts-8b1d814b9463c0320194869514ef31fe-launcher:51879:53045 [2] NCCL INFO Channel 11/0 : 2[2] -> 1[1] via P2P/IPC
ts-8b1d814b9463c0320194869514ef31fe-launcher:51881:53043 [4] NCCL INFO Channel 10/0 : 4[4] -> 3[3] via P2P/IPC
ts-8b1d814b9463c0320194869514ef31fe-launcher:51880:53047 [3] NCCL INFO Channel 08/0 : 3[3] -> 2[2] via P2P/IPC
ts-8b1d814b9463c0320194869514ef31fe-launcher:51878:53044 [1] NCCL INFO Channel 12/0 : 1[1] -> 0[0] via P2P/IPC
ts-8b1d814b9463c0320194869514ef31fe-launcher:51879:53045 [2] NCCL INFO Channel 12/0 : 2[2] -> 1[1] via P2P/IPC
ts-8b1d814b9463c0320194869514ef31fe-launcher:51881:53043 [4] NCCL INFO Channel 11/0 : 4[4] -> 3[3] via P2P/IPC
ts-8b1d814b9463c0320194869514ef31fe-launcher:51880:53047 [3] NCCL INFO Channel 09/0 : 3[3] -> 2[2] via P2P/IPC
ts-8b1d814b9463c0320194869514ef31fe-launcher:51878:53044 [1] NCCL INFO Channel 13/0 : 1[1] -> 0[0] via P2P/IPC
ts-8b1d814b9463c0320194869514ef31fe-launcher:51879:53045 [2] NCCL INFO Channel 13/0 : 2[2] -> 1[1] via P2P/IPC
ts-8b1d814b9463c0320194869514ef31fe-launcher:51881:53043 [4] NCCL INFO Channel 12/0 : 4[4] -> 3[3] via P2P/IPC
ts-8b1d814b9463c0320194869514ef31fe-launcher:51880:53047 [3] NCCL INFO Channel 10/0 : 3[3] -> 2[2] via P2P/IPC
ts-8b1d814b9463c0320194869514ef31fe-launcher:51878:53044 [1] NCCL INFO Channel 14/0 : 1[1] -> 0[0] via P2P/IPC
ts-8b1d814b9463c0320194869514ef31fe-launcher:51879:53045 [2] NCCL INFO Channel 14/0 : 2[2] -> 1[1] via P2P/IPC
ts-8b1d814b9463c0320194869514ef31fe-launcher:51881:53043 [4] NCCL INFO Channel 13/0 : 4[4] -> 3[3] via P2P/IPC
ts-8b1d814b9463c0320194869514ef31fe-launcher:51880:53047 [3] NCCL INFO Channel 11/0 : 3[3] -> 2[2] via P2P/IPC
ts-8b1d814b9463c0320194869514ef31fe-launcher:51878:53044 [1] NCCL INFO Channel 15/0 : 1[1] -> 0[0] via P2P/IPC
ts-8b1d814b9463c0320194869514ef31fe-launcher:51879:53045 [2] NCCL INFO Channel 15/0 : 2[2] -> 1[1] via P2P/IPC
ts-8b1d814b9463c0320194869514ef31fe-launcher:51881:53043 [4] NCCL INFO Channel 14/0 : 4[4] -> 3[3] via P2P/IPC
ts-8b1d814b9463c0320194869514ef31fe-launcher:51880:53047 [3] NCCL INFO Channel 12/0 : 3[3] -> 2[2] via P2P/IPC
ts-8b1d814b9463c0320194869514ef31fe-launcher:51881:53043 [4] NCCL INFO Channel 15/0 : 4[4] -> 3[3] via P2P/IPC
ts-8b1d814b9463c0320194869514ef31fe-launcher:51880:53047 [3] NCCL INFO Channel 13/0 : 3[3] -> 2[2] via P2P/IPC
ts-8b1d814b9463c0320194869514ef31fe-launcher:51880:53047 [3] NCCL INFO Channel 14/0 : 3[3] -> 2[2] via P2P/IPC
ts-8b1d814b9463c0320194869514ef31fe-launcher:51880:53047 [3] NCCL INFO Channel 15/0 : 3[3] -> 2[2] via P2P/IPC
ts-8b1d814b9463c0320194869514ef31fe-launcher:51877:53042 [0] NCCL INFO Connected all trees
ts-8b1d814b9463c0320194869514ef31fe-launcher:51877:53042 [0] NCCL INFO threadThresholds 8/8/64 | 48/8/64 | 512 | 512
ts-8b1d814b9463c0320194869514ef31fe-launcher:51877:53042 [0] NCCL INFO 16 coll channels, 0 collnet channels, 0 nvls channels, 16 p2p channels, 16 p2p channels per peer
ts-8b1d814b9463c0320194869514ef31fe-launcher:51878:53044 [1] NCCL INFO Connected all trees
ts-8b1d814b9463c0320194869514ef31fe-launcher:51879:53045 [2] NCCL INFO Connected all trees
ts-8b1d814b9463c0320194869514ef31fe-launcher:51878:53044 [1] NCCL INFO threadThresholds 8/8/64 | 48/8/64 | 512 | 512
ts-8b1d814b9463c0320194869514ef31fe-launcher:51879:53045 [2] NCCL INFO threadThresholds 8/8/64 | 48/8/64 | 512 | 512
ts-8b1d814b9463c0320194869514ef31fe-launcher:51878:53044 [1] NCCL INFO 16 coll channels, 0 collnet channels, 0 nvls channels, 16 p2p channels, 16 p2p channels per peer
ts-8b1d814b9463c0320194869514ef31fe-launcher:51879:53045 [2] NCCL INFO 16 coll channels, 0 collnet channels, 0 nvls channels, 16 p2p channels, 16 p2p channels per peer
ts-8b1d814b9463c0320194869514ef31fe-launcher:51880:53047 [3] NCCL INFO Connected all trees
ts-8b1d814b9463c0320194869514ef31fe-launcher:51880:53047 [3] NCCL INFO threadThresholds 8/8/64 | 48/8/64 | 512 | 512
ts-8b1d814b9463c0320194869514ef31fe-launcher:51880:53047 [3] NCCL INFO 16 coll channels, 0 collnet channels, 0 nvls channels, 16 p2p channels, 16 p2p channels per peer
ts-8b1d814b9463c0320194869514ef31fe-launcher:51882:53046 [5] NCCL INFO Connected all trees
ts-8b1d814b9463c0320194869514ef31fe-launcher:51881:53043 [4] NCCL INFO Connected all trees
ts-8b1d814b9463c0320194869514ef31fe-launcher:51882:53046 [5] NCCL INFO threadThresholds 8/8/64 | 48/8/64 | 512 | 512
ts-8b1d814b9463c0320194869514ef31fe-launcher:51881:53043 [4] NCCL INFO threadThresholds 8/8/64 | 48/8/64 | 512 | 512
ts-8b1d814b9463c0320194869514ef31fe-launcher:51882:53046 [5] NCCL INFO 16 coll channels, 0 collnet channels, 0 nvls channels, 16 p2p channels, 16 p2p channels per peer
ts-8b1d814b9463c0320194869514ef31fe-launcher:51881:53043 [4] NCCL INFO 16 coll channels, 0 collnet channels, 0 nvls channels, 16 p2p channels, 16 p2p channels per peer
ts-8b1d814b9463c0320194869514ef31fe-launcher:51877:53042 [0] NCCL INFO comm 0x8fafe440 rank 0 nranks 6 cudaDev 0 nvmlDev 0 busId 18000 commId 0xbff55d805744c490 - Init COMPLETE
ts-8b1d814b9463c0320194869514ef31fe-launcher:51882:53046 [5] NCCL INFO comm 0x907b00b0 rank 5 nranks 6 cudaDev 5 nvmlDev 5 busId d9000 commId 0xbff55d805744c490 - Init COMPLETE
ts-8b1d814b9463c0320194869514ef31fe-launcher:51878:53044 [1] NCCL INFO comm 0x8fdb8a60 rank 1 nranks 6 cudaDev 1 nvmlDev 1 busId 38000 commId 0xbff55d805744c490 - Init COMPLETE
ts-8b1d814b9463c0320194869514ef31fe-launcher:51880:53047 [3] NCCL INFO comm 0x8f844f60 rank 3 nranks 6 cudaDev 3 nvmlDev 3 busId 59000 commId 0xbff55d805744c490 - Init COMPLETE
ts-8b1d814b9463c0320194869514ef31fe-launcher:51879:53045 [2] NCCL INFO comm 0x91e72a70 rank 2 nranks 6 cudaDev 2 nvmlDev 2 busId 48000 commId 0xbff55d805744c490 - Init COMPLETE
ts-8b1d814b9463c0320194869514ef31fe-launcher:51881:53043 [4] NCCL INFO comm 0x91c5d7a0 rank 4 nranks 6 cudaDev 4 nvmlDev 4 busId c8000 commId 0xbff55d805744c490 - Init COMPLETE
Detected kernel version 5.4.203, which is below the recommended minimum of 5.5.0; this can cause the process to hang. It is recommended to upgrade the kernel to the minimum version or higher.
ts-8b1d814b9463c0320194869514ef31fe-launcher:51881:53076 [4] NCCL INFO Using non-device net plugin version 0
ts-8b1d814b9463c0320194869514ef31fe-launcher:51881:53076 [4] NCCL INFO Using network Socket
ts-8b1d814b9463c0320194869514ef31fe-launcher:51882:53082 [5] NCCL INFO Using non-device net plugin version 0
ts-8b1d814b9463c0320194869514ef31fe-launcher:51879:53083 [2] NCCL INFO Using non-device net plugin version 0
ts-8b1d814b9463c0320194869514ef31fe-launcher:51879:53083 [2] NCCL INFO Using network Socket
ts-8b1d814b9463c0320194869514ef31fe-launcher:51877:53071 [0] NCCL INFO Using non-device net plugin version 0
ts-8b1d814b9463c0320194869514ef31fe-launcher:51877:53071 [0] NCCL INFO Using network Socket
ts-8b1d814b9463c0320194869514ef31fe-launcher:51882:53082 [5] NCCL INFO Using network Socket
ts-8b1d814b9463c0320194869514ef31fe-launcher:51878:53086 [1] NCCL INFO Using non-device net plugin version 0
ts-8b1d814b9463c0320194869514ef31fe-launcher:51878:53086 [1] NCCL INFO Using network Socket
ts-8b1d814b9463c0320194869514ef31fe-launcher:51880:53077 [3] NCCL INFO Using non-device net plugin version 0
ts-8b1d814b9463c0320194869514ef31fe-launcher:51880:53077 [3] NCCL INFO Using network Socket
ts-8b1d814b9463c0320194869514ef31fe-launcher:51882:53082 [5] NCCL INFO bootstrapSplit: comm 0x973a99d0 parent 0x907b00b0 rank 5 nranks 6 color 470334428 key 5 prev 4 next 0 - DONE
